// Jest Snapshot v1, https://goo.gl/fbAQLP

exports[`App should show the given greeting 1`] = `
<Fragment>
  <h1>
    Hola, soy Goku!
  </h1>
  ;
  <p>
    Soy un subt√≠tulo
  </p>
</Fragment>
`;
